2025-08-08 06:32:29,952 [Worker-2: Loading available Gradle versions] INFO  o.e.b.c.i.u.g.PublishedGradleVersions - Gradle version information cache is not available. Remote download required.
2025-08-08 06:36:47,452 [Worker-0: Creating project "SpringCore-HelloWorld-Project"] INFO  o.e.m.c.i.l.LifecycleMappingFactory - Using org.eclipse.m2e.jdt.JarLifecycleMapping lifecycle mapping for MavenProject: com.example:SpringCore-HelloWorld-Project:0.0.1-SNAPSHOT @ C:\Users\carlo\Documentos3\prog\work-eclipse\SpringCore-HelloWorld-Project\pom.xml.
2025-08-08 06:36:49,949 [Worker-0: Creating project "SpringCore-HelloWorld-Project"] INFO  o.e.m.j.i.AbstractJavaProjectConfigurator - Adding source folder /SpringCore-HelloWorld-Project/src/main/java
2025-08-08 06:36:49,950 [Worker-0: Creating project "SpringCore-HelloWorld-Project"] INFO  o.e.m.j.i.AbstractJavaProjectConfigurator - Adding resource folder /SpringCore-HelloWorld-Project/src/main/resources
2025-08-08 06:36:49,951 [Worker-0: Creating project "SpringCore-HelloWorld-Project"] INFO  o.e.m.j.i.AbstractJavaProjectConfigurator - Adding source folder /SpringCore-HelloWorld-Project/src/test/java
2025-08-08 06:36:49,952 [Worker-0: Creating project "SpringCore-HelloWorld-Project"] INFO  o.e.m.j.i.AbstractJavaProjectConfigurator - Adding resource folder /SpringCore-HelloWorld-Project/src/test/resources
2025-08-08 06:36:50,518 [Worker-19: Building] WARN  o.a.m.s.f.DefaultMavenResourcesFiltering - Using platform encoding (UTF-8 actually) to copy filtered resources, i.e. build is platform dependent!
2025-08-08 06:36:50,522 [Worker-19: Building] INFO  o.a.m.s.f.DefaultMavenResourcesFiltering - Copying 0 resource from src\main\resources to target\classes
2025-08-08 06:36:50,525 [Worker-19: Building] WARN  o.a.m.s.f.DefaultMavenResourcesFiltering - Using platform encoding (UTF-8 actually) to copy filtered resources, i.e. build is platform dependent!
2025-08-08 06:36:50,526 [Worker-19: Building] INFO  o.a.m.s.f.DefaultMavenResourcesFiltering - Copying 0 resource from src\test\resources to target\test-classes
2025-08-08 06:40:15,607 [Worker-2: Loading available Gradle versions] INFO  o.e.b.c.i.u.g.PublishedGradleVersions - Gradle version information cache is up-to-date. Trying to read.
2025-08-08 06:43:08,639 [main] INFO  o.e.m2e.actions.ExecutePomAction - Creating new launch configuration
2025-08-08 06:43:29,764 [Worker-29: Launching SpringCore-HelloWorld-Project] INFO  o.eclipse.m2e.core.internal.Bundles - getClasspathEntries(Bundle=org.eclipse.m2e.maven.runtime_3.9.900.20240824-1409 [297])
2025-08-08 06:43:29,765 [Worker-29: Launching SpringCore-HelloWorld-Project] INFO  o.eclipse.m2e.core.internal.Bundles - 	Entry: C:\Users\carlo\.p2\pool\plugins\org.eclipse.m2e.maven.runtime_3.9.900.20240824-1409
2025-08-08 06:43:29,765 [Worker-29: Launching SpringCore-HelloWorld-Project] INFO  o.eclipse.m2e.core.internal.Bundles - 	Entry: C:\Users\carlo\.p2\pool\plugins\org.eclipse.m2e.maven.runtime_3.9.900.20240824-1409\jars\aopalliance-1.0.jar
2025-08-08 06:43:29,765 [Worker-29: Launching SpringCore-HelloWorld-Project] INFO  o.eclipse.m2e.core.internal.Bundles - 	Entry: C:\Users\carlo\.p2\pool\plugins\org.eclipse.m2e.maven.runtime_3.9.900.20240824-1409\jars\guice-5.1.0.jar
2025-08-08 06:43:29,765 [Worker-29: Launching SpringCore-HelloWorld-Project] INFO  o.eclipse.m2e.core.internal.Bundles - 	Entry: C:\Users\carlo\.p2\pool\plugins\org.eclipse.m2e.maven.runtime_3.9.900.20240824-1409\jars\httpclient-4.5.14.jar
2025-08-08 06:43:29,766 [Worker-29: Launching SpringCore-HelloWorld-Project] INFO  o.eclipse.m2e.core.internal.Bundles - 	Entry: C:\Users\carlo\.p2\pool\plugins\org.eclipse.m2e.maven.runtime_3.9.900.20240824-1409\jars\httpcore-4.4.16.jar
2025-08-08 06:43:29,766 [Worker-29: Launching SpringCore-HelloWorld-Project] INFO  o.eclipse.m2e.core.internal.Bundles - 	Entry: C:\Users\carlo\.p2\pool\plugins\org.eclipse.m2e.maven.runtime_3.9.900.20240824-1409\jars\jansi-2.4.1.jar
2025-08-08 06:43:29,766 [Worker-29: Launching SpringCore-HelloWorld-Project] INFO  o.eclipse.m2e.core.internal.Bundles - 	Entry: C:\Users\carlo\.p2\pool\plugins\org.eclipse.m2e.maven.runtime_3.9.900.20240824-1409\jars\jcl-over-slf4j-1.7.36.jar
2025-08-08 06:43:29,766 [Worker-29: Launching SpringCore-HelloWorld-Project] INFO  o.eclipse.m2e.core.internal.Bundles - 	Entry: C:\Users\carlo\.p2\pool\plugins\org.eclipse.m2e.maven.runtime_3.9.900.20240824-1409\jars\maven-artifact-3.9.9.jar
2025-08-08 06:43:29,766 [Worker-29: Launching SpringCore-HelloWorld-Project] INFO  o.eclipse.m2e.core.internal.Bundles - 	Entry: C:\Users\carlo\.p2\pool\plugins\org.eclipse.m2e.maven.runtime_3.9.900.20240824-1409\jars\maven-builder-support-3.9.9.jar
2025-08-08 06:43:29,766 [Worker-29: Launching SpringCore-HelloWorld-Project] INFO  o.eclipse.m2e.core.internal.Bundles - 	Entry: C:\Users\carlo\.p2\pool\plugins\org.eclipse.m2e.maven.runtime_3.9.900.20240824-1409\jars\maven-compat-3.9.9.jar
2025-08-08 06:43:29,766 [Worker-29: Launching SpringCore-HelloWorld-Project] INFO  o.eclipse.m2e.core.internal.Bundles - 	Entry: C:\Users\carlo\.p2\pool\plugins\org.eclipse.m2e.maven.runtime_3.9.900.20240824-1409\jars\maven-core-3.9.9.jar
2025-08-08 06:43:29,766 [Worker-29: Launching SpringCore-HelloWorld-Project] INFO  o.eclipse.m2e.core.internal.Bundles - 	Entry: C:\Users\carlo\.p2\pool\plugins\org.eclipse.m2e.maven.runtime_3.9.900.20240824-1409\jars\maven-embedder-3.9.9.jar
2025-08-08 06:43:29,766 [Worker-29: Launching SpringCore-HelloWorld-Project] INFO  o.eclipse.m2e.core.internal.Bundles - 	Entry: C:\Users\carlo\.p2\pool\plugins\org.eclipse.m2e.maven.runtime_3.9.900.20240824-1409\jars\maven-model-3.9.9.jar
2025-08-08 06:43:29,766 [Worker-29: Launching SpringCore-HelloWorld-Project] INFO  o.eclipse.m2e.core.internal.Bundles - 	Entry: C:\Users\carlo\.p2\pool\plugins\org.eclipse.m2e.maven.runtime_3.9.900.20240824-1409\jars\maven-model-builder-3.9.9.jar
2025-08-08 06:43:29,766 [Worker-29: Launching SpringCore-HelloWorld-Project] INFO  o.eclipse.m2e.core.internal.Bundles - 	Entry: C:\Users\carlo\.p2\pool\plugins\org.eclipse.m2e.maven.runtime_3.9.900.20240824-1409\jars\maven-plugin-api-3.9.9.jar
2025-08-08 06:43:29,766 [Worker-29: Launching SpringCore-HelloWorld-Project] INFO  o.eclipse.m2e.core.internal.Bundles - 	Entry: C:\Users\carlo\.p2\pool\plugins\org.eclipse.m2e.maven.runtime_3.9.900.20240824-1409\jars\maven-repository-metadata-3.9.9.jar
2025-08-08 06:43:29,767 [Worker-29: Launching SpringCore-HelloWorld-Project] INFO  o.eclipse.m2e.core.internal.Bundles - 	Entry: C:\Users\carlo\.p2\pool\plugins\org.eclipse.m2e.maven.runtime_3.9.900.20240824-1409\jars\maven-resolver-api-1.9.22.jar
2025-08-08 06:43:29,767 [Worker-29: Launching SpringCore-HelloWorld-Project] INFO  o.eclipse.m2e.core.internal.Bundles - 	Entry: C:\Users\carlo\.p2\pool\plugins\org.eclipse.m2e.maven.runtime_3.9.900.20240824-1409\jars\maven-resolver-connector-basic-1.9.22.jar
2025-08-08 06:43:29,767 [Worker-29: Launching SpringCore-HelloWorld-Project] INFO  o.eclipse.m2e.core.internal.Bundles - 	Entry: C:\Users\carlo\.p2\pool\plugins\org.eclipse.m2e.maven.runtime_3.9.900.20240824-1409\jars\maven-resolver-impl-1.9.22.jar
2025-08-08 06:43:29,767 [Worker-29: Launching SpringCore-HelloWorld-Project] INFO  o.eclipse.m2e.core.internal.Bundles - 	Entry: C:\Users\carlo\.p2\pool\plugins\org.eclipse.m2e.maven.runtime_3.9.900.20240824-1409\jars\maven-resolver-named-locks-1.9.22.jar
2025-08-08 06:43:29,767 [Worker-29: Launching SpringCore-HelloWorld-Project] INFO  o.eclipse.m2e.core.internal.Bundles - 	Entry: C:\Users\carlo\.p2\pool\plugins\org.eclipse.m2e.maven.runtime_3.9.900.20240824-1409\jars\maven-resolver-provider-3.9.9.jar
2025-08-08 06:43:29,767 [Worker-29: Launching SpringCore-HelloWorld-Project] INFO  o.eclipse.m2e.core.internal.Bundles - 	Entry: C:\Users\carlo\.p2\pool\plugins\org.eclipse.m2e.maven.runtime_3.9.900.20240824-1409\jars\maven-resolver-spi-1.9.22.jar
2025-08-08 06:43:29,767 [Worker-29: Launching SpringCore-HelloWorld-Project] INFO  o.eclipse.m2e.core.internal.Bundles - 	Entry: C:\Users\carlo\.p2\pool\plugins\org.eclipse.m2e.maven.runtime_3.9.900.20240824-1409\jars\maven-resolver-transport-file-1.9.22.jar
2025-08-08 06:43:29,767 [Worker-29: Launching SpringCore-HelloWorld-Project] INFO  o.eclipse.m2e.core.internal.Bundles - 	Entry: C:\Users\carlo\.p2\pool\plugins\org.eclipse.m2e.maven.runtime_3.9.900.20240824-1409\jars\maven-resolver-transport-http-1.9.22.jar
2025-08-08 06:43:29,767 [Worker-29: Launching SpringCore-HelloWorld-Project] INFO  o.eclipse.m2e.core.internal.Bundles - 	Entry: C:\Users\carlo\.p2\pool\plugins\org.eclipse.m2e.maven.runtime_3.9.900.20240824-1409\jars\maven-resolver-transport-wagon-1.9.22.jar
2025-08-08 06:43:29,767 [Worker-29: Launching SpringCore-HelloWorld-Project] INFO  o.eclipse.m2e.core.internal.Bundles - 	Entry: C:\Users\carlo\.p2\pool\plugins\org.eclipse.m2e.maven.runtime_3.9.900.20240824-1409\jars\maven-resolver-util-1.9.22.jar
2025-08-08 06:43:29,767 [Worker-29: Launching SpringCore-HelloWorld-Project] INFO  o.eclipse.m2e.core.internal.Bundles - 	Entry: C:\Users\carlo\.p2\pool\plugins\org.eclipse.m2e.maven.runtime_3.9.900.20240824-1409\jars\maven-settings-3.9.9.jar
2025-08-08 06:43:29,767 [Worker-29: Launching SpringCore-HelloWorld-Project] INFO  o.eclipse.m2e.core.internal.Bundles - 	Entry: C:\Users\carlo\.p2\pool\plugins\org.eclipse.m2e.maven.runtime_3.9.900.20240824-1409\jars\maven-settings-builder-3.9.9.jar
2025-08-08 06:43:29,767 [Worker-29: Launching SpringCore-HelloWorld-Project] INFO  o.eclipse.m2e.core.internal.Bundles - 	Entry: C:\Users\carlo\.p2\pool\plugins\org.eclipse.m2e.maven.runtime_3.9.900.20240824-1409\jars\maven-shared-utils-3.4.2.jar
2025-08-08 06:43:29,768 [Worker-29: Launching SpringCore-HelloWorld-Project] INFO  o.eclipse.m2e.core.internal.Bundles - 	Entry: C:\Users\carlo\.p2\pool\plugins\org.eclipse.m2e.maven.runtime_3.9.900.20240824-1409\jars\org.eclipse.sisu.inject-0.9.0.M3.jar
2025-08-08 06:43:29,768 [Worker-29: Launching SpringCore-HelloWorld-Project] INFO  o.eclipse.m2e.core.internal.Bundles - 	Entry: C:\Users\carlo\.p2\pool\plugins\org.eclipse.m2e.maven.runtime_3.9.900.20240824-1409\jars\org.eclipse.sisu.plexus-0.9.0.M3.jar
2025-08-08 06:43:29,768 [Worker-29: Launching SpringCore-HelloWorld-Project] INFO  o.eclipse.m2e.core.internal.Bundles - 	Entry: C:\Users\carlo\.p2\pool\plugins\org.eclipse.m2e.maven.runtime_3.9.900.20240824-1409\jars\plexus-build-api-0.0.7.jar
2025-08-08 06:43:29,768 [Worker-29: Launching SpringCore-HelloWorld-Project] INFO  o.eclipse.m2e.core.internal.Bundles - 	Entry: C:\Users\carlo\.p2\pool\plugins\org.eclipse.m2e.maven.runtime_3.9.900.20240824-1409\jars\plexus-build-api-1.2.0.jar
2025-08-08 06:43:29,768 [Worker-29: Launching SpringCore-HelloWorld-Project] INFO  o.eclipse.m2e.core.internal.Bundles - 	Entry: C:\Users\carlo\.p2\pool\plugins\org.eclipse.m2e.maven.runtime_3.9.900.20240824-1409\jars\plexus-cipher-2.0.jar
2025-08-08 06:43:29,768 [Worker-29: Launching SpringCore-HelloWorld-Project] INFO  o.eclipse.m2e.core.internal.Bundles - 	Entry: C:\Users\carlo\.p2\pool\plugins\org.eclipse.m2e.maven.runtime_3.9.900.20240824-1409\jars\plexus-classworlds-2.8.0.jar
2025-08-08 06:43:29,768 [Worker-29: Launching SpringCore-HelloWorld-Project] INFO  o.eclipse.m2e.core.internal.Bundles - 	Entry: C:\Users\carlo\.p2\pool\plugins\org.eclipse.m2e.maven.runtime_3.9.900.20240824-1409\jars\plexus-component-annotations-2.1.0.jar
2025-08-08 06:43:29,768 [Worker-29: Launching SpringCore-HelloWorld-Project] INFO  o.eclipse.m2e.core.internal.Bundles - 	Entry: C:\Users\carlo\.p2\pool\plugins\org.eclipse.m2e.maven.runtime_3.9.900.20240824-1409\jars\plexus-interpolation-1.27.jar
2025-08-08 06:43:29,768 [Worker-29: Launching SpringCore-HelloWorld-Project] INFO  o.eclipse.m2e.core.internal.Bundles - 	Entry: C:\Users\carlo\.p2\pool\plugins\org.eclipse.m2e.maven.runtime_3.9.900.20240824-1409\jars\plexus-sec-dispatcher-2.0.jar
2025-08-08 06:43:29,768 [Worker-29: Launching SpringCore-HelloWorld-Project] INFO  o.eclipse.m2e.core.internal.Bundles - 	Entry: C:\Users\carlo\.p2\pool\plugins\org.eclipse.m2e.maven.runtime_3.9.900.20240824-1409\jars\plexus-utils-3.5.1.jar
2025-08-08 06:43:29,768 [Worker-29: Launching SpringCore-HelloWorld-Project] INFO  o.eclipse.m2e.core.internal.Bundles - 	Entry: C:\Users\carlo\.p2\pool\plugins\org.eclipse.m2e.maven.runtime_3.9.900.20240824-1409\jars\plexus-xml-3.0.1.jar
2025-08-08 06:43:29,768 [Worker-29: Launching SpringCore-HelloWorld-Project] INFO  o.eclipse.m2e.core.internal.Bundles - 	Entry: C:\Users\carlo\.p2\pool\plugins\org.eclipse.m2e.maven.runtime_3.9.900.20240824-1409\jars\wagon-file-3.5.3.jar
2025-08-08 06:43:29,769 [Worker-29: Launching SpringCore-HelloWorld-Project] INFO  o.eclipse.m2e.core.internal.Bundles - 	Entry: C:\Users\carlo\.p2\pool\plugins\org.eclipse.m2e.maven.runtime_3.9.900.20240824-1409\jars\wagon-http-3.5.3.jar
2025-08-08 06:43:29,769 [Worker-29: Launching SpringCore-HelloWorld-Project] INFO  o.eclipse.m2e.core.internal.Bundles - 	Entry: C:\Users\carlo\.p2\pool\plugins\org.eclipse.m2e.maven.runtime_3.9.900.20240824-1409\jars\wagon-http-shared-3.5.3.jar
2025-08-08 06:43:29,769 [Worker-29: Launching SpringCore-HelloWorld-Project] INFO  o.eclipse.m2e.core.internal.Bundles - 	Entry: C:\Users\carlo\.p2\pool\plugins\org.eclipse.m2e.maven.runtime_3.9.900.20240824-1409\jars\wagon-provider-api-3.5.3.jar
2025-08-08 06:43:29,769 [Worker-29: Launching SpringCore-HelloWorld-Project] INFO  o.eclipse.m2e.core.internal.Bundles - getClasspathEntries(Bundle=com.google.guava_33.3.1.jre [527])
2025-08-08 06:43:29,770 [Worker-29: Launching SpringCore-HelloWorld-Project] INFO  o.eclipse.m2e.core.internal.Bundles - 	Entry: C:\Users\carlo\.p2\pool\plugins\com.google.guava_33.3.1.jre.jar
2025-08-08 06:43:29,770 [Worker-29: Launching SpringCore-HelloWorld-Project] INFO  o.eclipse.m2e.core.internal.Bundles - getClasspathEntries(Bundle=slf4j.api_2.0.16 [519])
2025-08-08 06:43:29,770 [Worker-29: Launching SpringCore-HelloWorld-Project] INFO  o.eclipse.m2e.core.internal.Bundles - 	Entry: C:\Users\carlo\.p2\pool\plugins\slf4j.api_2.0.16.jar
2025-08-08 06:43:29,770 [Worker-29: Launching SpringCore-HelloWorld-Project] INFO  o.eclipse.m2e.core.internal.Bundles - getClasspathEntries(Bundle=jakarta.inject.jakarta.inject-api_1.0.5 [22])
2025-08-08 06:43:29,770 [Worker-29: Launching SpringCore-HelloWorld-Project] INFO  o.eclipse.m2e.core.internal.Bundles - 	Entry: C:\Users\carlo\.p2\pool\plugins\jakarta.inject.jakarta.inject-api_1.0.5.jar
2025-08-08 06:43:29,770 [Worker-29: Launching SpringCore-HelloWorld-Project] INFO  o.eclipse.m2e.core.internal.Bundles - getClasspathEntries(Bundle=jakarta.annotation-api_1.3.5 [20])
2025-08-08 06:43:29,770 [Worker-29: Launching SpringCore-HelloWorld-Project] INFO  o.eclipse.m2e.core.internal.Bundles - 	Entry: C:\Users\carlo\.p2\pool\plugins\jakarta.annotation-api_1.3.5.jar
2025-08-08 06:43:29,770 [Worker-29: Launching SpringCore-HelloWorld-Project] INFO  o.eclipse.m2e.core.internal.Bundles - getClasspathEntries(Bundle=org.apache.commons.cli_1.9.0 [47])
2025-08-08 06:43:29,771 [Worker-29: Launching SpringCore-HelloWorld-Project] INFO  o.eclipse.m2e.core.internal.Bundles - 	Entry: C:\Users\carlo\.p2\pool\plugins\org.apache.commons.cli_1.9.0.jar
2025-08-08 06:43:29,771 [Worker-29: Launching SpringCore-HelloWorld-Project] INFO  o.eclipse.m2e.core.internal.Bundles - getClasspathEntries(Bundle=org.apache.commons.commons-codec_1.16.0 [50])
2025-08-08 06:43:29,771 [Worker-29: Launching SpringCore-HelloWorld-Project] INFO  o.eclipse.m2e.core.internal.Bundles - 	Entry: C:\Users\carlo\.p2\pool\plugins\org.apache.commons.commons-codec_1.16.0.jar
2025-08-08 06:43:29,771 [Worker-29: Launching SpringCore-HelloWorld-Project] INFO  o.eclipse.m2e.core.internal.Bundles - getClasspathEntries(Bundle=com.google.guava.failureaccess_1.0.2 [11])
2025-08-08 06:43:29,771 [Worker-29: Launching SpringCore-HelloWorld-Project] INFO  o.eclipse.m2e.core.internal.Bundles - 	Entry: C:\Users\carlo\.p2\pool\plugins\com.google.guava.failureaccess_1.0.2.jar
2025-08-08 06:43:29,773 [Worker-29: Launching SpringCore-HelloWorld-Project] INFO  o.e.m.i.launch.MavenLaunchDelegate - Run build in "C:\Users\carlo\Documentos3\prog\work-eclipse\SpringCore-HelloWorld-Project":
2025-08-08 06:43:29,775 [Worker-29: Launching SpringCore-HelloWorld-Project] INFO  o.e.m.i.launch.MavenLaunchDelegate -  mvn  -B -Dstyle.color=always clean install
2025-08-08 06:52:44,982 [Worker-1: Building] INFO  o.e.m.c.i.l.LifecycleMappingFactory - Using org.eclipse.m2e.jdt.JarLifecycleMapping lifecycle mapping for MavenProject: com.example:SpringCore-HelloWorld-Project:0.0.1-SNAPSHOT @ C:\Users\carlo\Documentos3\prog\work-eclipse\SpringCore-HelloWorld-Project\pom.xml.
2025-08-08 06:52:45,241 [Worker-1: Building] INFO  o.e.m.c.i.e.AbstractTransferListenerAdapter - Downloading https://repo.maven.apache.org/maven2/io/micrometer/micrometer-observation/1.14.9/micrometer-observation-1.14.9.pom
2025-08-08 06:52:45,275 [Worker-1: Building] INFO  o.e.m.c.i.e.AbstractTransferListenerAdapter - Downloaded https://repo.maven.apache.org/maven2/io/micrometer/micrometer-observation/1.14.9/micrometer-observation-1.14.9.pom
2025-08-08 06:52:45,324 [Worker-1: Building] INFO  o.e.m.c.i.e.AbstractTransferListenerAdapter - Downloading https://repo.maven.apache.org/maven2/io/micrometer/micrometer-commons/1.14.9/micrometer-commons-1.14.9.pom
2025-08-08 06:52:45,336 [Worker-1: Building] INFO  o.e.m.c.i.e.AbstractTransferListenerAdapter - Downloaded https://repo.maven.apache.org/maven2/io/micrometer/micrometer-commons/1.14.9/micrometer-commons-1.14.9.pom
2025-08-08 06:52:45,383 [Worker-1: Building] INFO  o.e.m.c.i.e.AbstractTransferListenerAdapter - Downloading https://repo.maven.apache.org/maven2/io/micrometer/micrometer-observation/1.14.9/micrometer-observation-1.14.9.jar
2025-08-08 06:52:45,440 [Worker-1: Building] INFO  o.e.m.c.i.e.AbstractTransferListenerAdapter - Downloaded https://repo.maven.apache.org/maven2/io/micrometer/micrometer-observation/1.14.9/micrometer-observation-1.14.9.jar
2025-08-08 06:52:45,478 [BasicRepositoryConnector-repo.maven.apache.org-0-0] INFO  o.e.m.c.i.e.AbstractTransferListenerAdapter - Downloading https://repo.maven.apache.org/maven2/io/micrometer/micrometer-commons/1.14.9/micrometer-commons-1.14.9.jar
2025-08-08 06:52:45,497 [BasicRepositoryConnector-repo.maven.apache.org-0-0] INFO  o.e.m.c.i.e.AbstractTransferListenerAdapter - Downloaded https://repo.maven.apache.org/maven2/io/micrometer/micrometer-commons/1.14.9/micrometer-commons-1.14.9.jar
2025-08-08 06:52:46,044 [Worker-1: Building] WARN  o.a.m.s.f.DefaultMavenResourcesFiltering - Using platform encoding (UTF-8 actually) to copy filtered resources, i.e. build is platform dependent!
2025-08-08 06:52:46,047 [Worker-1: Building] INFO  o.a.m.s.f.DefaultMavenResourcesFiltering - Copying 0 resource from src\main\resources to target\classes
2025-08-08 06:52:46,049 [Worker-1: Building] WARN  o.a.m.s.f.DefaultMavenResourcesFiltering - Using platform encoding (UTF-8 actually) to copy filtered resources, i.e. build is platform dependent!
2025-08-08 06:52:46,051 [Worker-1: Building] INFO  o.a.m.s.f.DefaultMavenResourcesFiltering - Copying 0 resource from src\test\resources to target\test-classes
2025-08-08 06:52:46,733 [Worker-17: Download sources and javadoc] INFO  o.e.m.c.i.e.AbstractTransferListenerAdapter - Downloading https://repo.maven.apache.org/maven2/org/springframework/spring-core/6.2.9/spring-core-6.2.9-sources.jar
2025-08-08 06:52:46,954 [Worker-17: Download sources and javadoc] INFO  o.e.m.c.i.e.AbstractTransferListenerAdapter - Downloaded https://repo.maven.apache.org/maven2/org/springframework/spring-core/6.2.9/spring-core-6.2.9-sources.jar
2025-08-08 06:52:46,961 [Worker-17: Download sources and javadoc] INFO  o.e.m.j.internal.DownloadSourcesJob - Downloaded sources for org.springframework:spring-core:6.2.9
2025-08-08 06:52:47,075 [Worker-17: Download sources and javadoc] INFO  o.e.m.c.i.e.AbstractTransferListenerAdapter - Downloading https://repo.maven.apache.org/maven2/org/springframework/spring-jcl/6.2.9/spring-jcl-6.2.9-sources.jar
2025-08-08 06:52:47,104 [Worker-17: Download sources and javadoc] INFO  o.e.m.c.i.e.AbstractTransferListenerAdapter - Downloaded https://repo.maven.apache.org/maven2/org/springframework/spring-jcl/6.2.9/spring-jcl-6.2.9-sources.jar
2025-08-08 06:52:47,110 [Worker-17: Download sources and javadoc] INFO  o.e.m.j.internal.DownloadSourcesJob - Downloaded sources for org.springframework:spring-jcl:6.2.9
2025-08-08 06:52:47,225 [Worker-17: Download sources and javadoc] INFO  o.e.m.c.i.e.AbstractTransferListenerAdapter - Downloading https://repo.maven.apache.org/maven2/org/springframework/spring-context/6.2.9/spring-context-6.2.9-sources.jar
2025-08-08 06:52:47,444 [Worker-17: Download sources and javadoc] INFO  o.e.m.c.i.e.AbstractTransferListenerAdapter - Downloaded https://repo.maven.apache.org/maven2/org/springframework/spring-context/6.2.9/spring-context-6.2.9-sources.jar
2025-08-08 06:52:47,449 [Worker-17: Download sources and javadoc] INFO  o.e.m.j.internal.DownloadSourcesJob - Downloaded sources for org.springframework:spring-context:6.2.9
2025-08-08 06:52:47,567 [Worker-17: Download sources and javadoc] INFO  o.e.m.c.i.e.AbstractTransferListenerAdapter - Downloading https://repo.maven.apache.org/maven2/org/springframework/spring-aop/6.2.9/spring-aop-6.2.9-sources.jar
2025-08-08 06:52:47,699 [Worker-17: Download sources and javadoc] INFO  o.e.m.c.i.e.AbstractTransferListenerAdapter - Downloaded https://repo.maven.apache.org/maven2/org/springframework/spring-aop/6.2.9/spring-aop-6.2.9-sources.jar
2025-08-08 06:52:47,703 [Worker-17: Download sources and javadoc] INFO  o.e.m.j.internal.DownloadSourcesJob - Downloaded sources for org.springframework:spring-aop:6.2.9
2025-08-08 06:52:47,816 [Worker-17: Download sources and javadoc] INFO  o.e.m.c.i.e.AbstractTransferListenerAdapter - Downloading https://repo.maven.apache.org/maven2/org/springframework/spring-expression/6.2.9/spring-expression-6.2.9-sources.jar
2025-08-08 06:52:47,847 [Worker-34: Building] WARN  o.a.m.s.f.DefaultMavenResourcesFiltering - Using platform encoding (UTF-8 actually) to copy filtered resources, i.e. build is platform dependent!
2025-08-08 06:52:47,848 [Worker-34: Building] INFO  o.a.m.s.f.DefaultMavenResourcesFiltering - Copying 0 resource from src\main\resources to target\classes
2025-08-08 06:52:47,850 [Worker-34: Building] WARN  o.a.m.s.f.DefaultMavenResourcesFiltering - Using platform encoding (UTF-8 actually) to copy filtered resources, i.e. build is platform dependent!
2025-08-08 06:52:47,851 [Worker-34: Building] INFO  o.a.m.s.f.DefaultMavenResourcesFiltering - Copying 0 resource from src\test\resources to target\test-classes
2025-08-08 06:52:47,922 [Worker-17: Download sources and javadoc] INFO  o.e.m.c.i.e.AbstractTransferListenerAdapter - Downloaded https://repo.maven.apache.org/maven2/org/springframework/spring-expression/6.2.9/spring-expression-6.2.9-sources.jar
2025-08-08 06:52:47,926 [Worker-17: Download sources and javadoc] INFO  o.e.m.j.internal.DownloadSourcesJob - Downloaded sources for org.springframework:spring-expression:6.2.9
2025-08-08 06:52:48,041 [Worker-17: Download sources and javadoc] INFO  o.e.m.c.i.e.AbstractTransferListenerAdapter - Downloading https://repo.maven.apache.org/maven2/io/micrometer/micrometer-observation/1.14.9/micrometer-observation-1.14.9-sources.jar
2025-08-08 06:52:48,092 [Worker-17: Download sources and javadoc] INFO  o.e.m.c.i.e.AbstractTransferListenerAdapter - Downloaded https://repo.maven.apache.org/maven2/io/micrometer/micrometer-observation/1.14.9/micrometer-observation-1.14.9-sources.jar
2025-08-08 06:52:48,095 [Worker-17: Download sources and javadoc] INFO  o.e.m.j.internal.DownloadSourcesJob - Downloaded sources for io.micrometer:micrometer-observation:1.14.9
2025-08-08 06:52:48,202 [Worker-17: Download sources and javadoc] INFO  o.e.m.c.i.e.AbstractTransferListenerAdapter - Downloading https://repo.maven.apache.org/maven2/io/micrometer/micrometer-commons/1.14.9/micrometer-commons-1.14.9-sources.jar
2025-08-08 06:52:48,248 [Worker-17: Download sources and javadoc] INFO  o.e.m.c.i.e.AbstractTransferListenerAdapter - Downloaded https://repo.maven.apache.org/maven2/io/micrometer/micrometer-commons/1.14.9/micrometer-commons-1.14.9-sources.jar
2025-08-08 06:52:48,252 [Worker-17: Download sources and javadoc] INFO  o.e.m.j.internal.DownloadSourcesJob - Downloaded sources for io.micrometer:micrometer-commons:1.14.9
2025-08-08 06:52:48,360 [Worker-17: Download sources and javadoc] INFO  o.e.m.c.i.e.AbstractTransferListenerAdapter - Downloading https://repo.maven.apache.org/maven2/org/springframework/spring-beans/6.2.9/spring-beans-6.2.9-sources.jar
2025-08-08 06:52:48,533 [Worker-17: Download sources and javadoc] INFO  o.e.m.c.i.e.AbstractTransferListenerAdapter - Downloaded https://repo.maven.apache.org/maven2/org/springframework/spring-beans/6.2.9/spring-beans-6.2.9-sources.jar
2025-08-08 06:52:48,537 [Worker-17: Download sources and javadoc] INFO  o.e.m.j.internal.DownloadSourcesJob - Downloaded sources for org.springframework:spring-beans:6.2.9
2025-08-08 06:54:14,690 [Worker-32: Updating Maven Project] INFO  o.e.m.c.i.p.ProjectConfigurationManager - Update started
2025-08-08 06:54:14,836 [Worker-32: Updating Maven Project] INFO  o.e.m.c.i.l.LifecycleMappingFactory - Using org.eclipse.m2e.jdt.JarLifecycleMapping lifecycle mapping for MavenProject: com.example:SpringCore-HelloWorld-Project:0.0.1-SNAPSHOT @ C:\Users\carlo\Documentos3\prog\work-eclipse\SpringCore-HelloWorld-Project\pom.xml.
2025-08-08 06:54:14,979 [Worker-32: Updating Maven Project] INFO  o.e.m.j.i.AbstractJavaProjectConfigurator - Adding source folder /SpringCore-HelloWorld-Project/src/main/java
2025-08-08 06:54:14,981 [Worker-32: Updating Maven Project] INFO  o.e.m.j.i.AbstractJavaProjectConfigurator - Adding resource folder /SpringCore-HelloWorld-Project/src/main/resources
2025-08-08 06:54:14,982 [Worker-32: Updating Maven Project] INFO  o.e.m.j.i.AbstractJavaProjectConfigurator - Adding source folder /SpringCore-HelloWorld-Project/src/test/java
2025-08-08 06:54:14,983 [Worker-32: Updating Maven Project] INFO  o.e.m.j.i.AbstractJavaProjectConfigurator - Adding resource folder /SpringCore-HelloWorld-Project/src/test/resources
2025-08-08 06:54:15,032 [Worker-32: Updating Maven Project] INFO  o.e.m.c.i.p.ProjectConfigurationManager - Update completed for 1 poms: local refresh takes 0.00 sec, refresh facades takes 0.00 sec, update config takes 0.00 sec 
2025-08-08 06:54:15,196 [Worker-24: Building] WARN  o.a.m.s.f.DefaultMavenResourcesFiltering - Using platform encoding (UTF-8 actually) to copy filtered resources, i.e. build is platform dependent!
2025-08-08 06:54:15,198 [Worker-24: Building] INFO  o.a.m.s.f.DefaultMavenResourcesFiltering - Copying 0 resource from src\main\resources to target\classes
2025-08-08 06:54:15,201 [Worker-24: Building] WARN  o.a.m.s.f.DefaultMavenResourcesFiltering - Using platform encoding (UTF-8 actually) to copy filtered resources, i.e. build is platform dependent!
2025-08-08 06:54:15,203 [Worker-24: Building] INFO  o.a.m.s.f.DefaultMavenResourcesFiltering - Copying 0 resource from src\test\resources to target\test-classes
2025-08-08 06:54:37,588 [main] INFO  o.e.m2e.actions.ExecutePomAction - Creating new launch configuration
2025-08-08 06:54:48,674 [Worker-34: Launching SpringCore-HelloWorld-Project (1)] INFO  o.eclipse.m2e.core.internal.Bundles - getClasspathEntries(Bundle=org.eclipse.m2e.maven.runtime_3.9.900.20240824-1409 [297])
2025-08-08 06:54:48,675 [Worker-34: Launching SpringCore-HelloWorld-Project (1)] INFO  o.eclipse.m2e.core.internal.Bundles - 	Entry: C:\Users\carlo\.p2\pool\plugins\org.eclipse.m2e.maven.runtime_3.9.900.20240824-1409
2025-08-08 06:54:48,675 [Worker-34: Launching SpringCore-HelloWorld-Project (1)] INFO  o.eclipse.m2e.core.internal.Bundles - 	Entry: C:\Users\carlo\.p2\pool\plugins\org.eclipse.m2e.maven.runtime_3.9.900.20240824-1409\jars\aopalliance-1.0.jar
2025-08-08 06:54:48,675 [Worker-34: Launching SpringCore-HelloWorld-Project (1)] INFO  o.eclipse.m2e.core.internal.Bundles - 	Entry: C:\Users\carlo\.p2\pool\plugins\org.eclipse.m2e.maven.runtime_3.9.900.20240824-1409\jars\guice-5.1.0.jar
2025-08-08 06:54:48,675 [Worker-34: Launching SpringCore-HelloWorld-Project (1)] INFO  o.eclipse.m2e.core.internal.Bundles - 	Entry: C:\Users\carlo\.p2\pool\plugins\org.eclipse.m2e.maven.runtime_3.9.900.20240824-1409\jars\httpclient-4.5.14.jar
2025-08-08 06:54:48,675 [Worker-34: Launching SpringCore-HelloWorld-Project (1)] INFO  o.eclipse.m2e.core.internal.Bundles - 	Entry: C:\Users\carlo\.p2\pool\plugins\org.eclipse.m2e.maven.runtime_3.9.900.20240824-1409\jars\httpcore-4.4.16.jar
2025-08-08 06:54:48,675 [Worker-34: Launching SpringCore-HelloWorld-Project (1)] INFO  o.eclipse.m2e.core.internal.Bundles - 	Entry: C:\Users\carlo\.p2\pool\plugins\org.eclipse.m2e.maven.runtime_3.9.900.20240824-1409\jars\jansi-2.4.1.jar
2025-08-08 06:54:48,675 [Worker-34: Launching SpringCore-HelloWorld-Project (1)] INFO  o.eclipse.m2e.core.internal.Bundles - 	Entry: C:\Users\carlo\.p2\pool\plugins\org.eclipse.m2e.maven.runtime_3.9.900.20240824-1409\jars\jcl-over-slf4j-1.7.36.jar
2025-08-08 06:54:48,676 [Worker-34: Launching SpringCore-HelloWorld-Project (1)] INFO  o.eclipse.m2e.core.internal.Bundles - 	Entry: C:\Users\carlo\.p2\pool\plugins\org.eclipse.m2e.maven.runtime_3.9.900.20240824-1409\jars\maven-artifact-3.9.9.jar
2025-08-08 06:54:48,676 [Worker-34: Launching SpringCore-HelloWorld-Project (1)] INFO  o.eclipse.m2e.core.internal.Bundles - 	Entry: C:\Users\carlo\.p2\pool\plugins\org.eclipse.m2e.maven.runtime_3.9.900.20240824-1409\jars\maven-builder-support-3.9.9.jar
2025-08-08 06:54:48,676 [Worker-34: Launching SpringCore-HelloWorld-Project (1)] INFO  o.eclipse.m2e.core.internal.Bundles - 	Entry: C:\Users\carlo\.p2\pool\plugins\org.eclipse.m2e.maven.runtime_3.9.900.20240824-1409\jars\maven-compat-3.9.9.jar
2025-08-08 06:54:48,676 [Worker-34: Launching SpringCore-HelloWorld-Project (1)] INFO  o.eclipse.m2e.core.internal.Bundles - 	Entry: C:\Users\carlo\.p2\pool\plugins\org.eclipse.m2e.maven.runtime_3.9.900.20240824-1409\jars\maven-core-3.9.9.jar
2025-08-08 06:54:48,676 [Worker-34: Launching SpringCore-HelloWorld-Project (1)] INFO  o.eclipse.m2e.core.internal.Bundles - 	Entry: C:\Users\carlo\.p2\pool\plugins\org.eclipse.m2e.maven.runtime_3.9.900.20240824-1409\jars\maven-embedder-3.9.9.jar
2025-08-08 06:54:48,676 [Worker-34: Launching SpringCore-HelloWorld-Project (1)] INFO  o.eclipse.m2e.core.internal.Bundles - 	Entry: C:\Users\carlo\.p2\pool\plugins\org.eclipse.m2e.maven.runtime_3.9.900.20240824-1409\jars\maven-model-3.9.9.jar
2025-08-08 06:54:48,676 [Worker-34: Launching SpringCore-HelloWorld-Project (1)] INFO  o.eclipse.m2e.core.internal.Bundles - 	Entry: C:\Users\carlo\.p2\pool\plugins\org.eclipse.m2e.maven.runtime_3.9.900.20240824-1409\jars\maven-model-builder-3.9.9.jar
2025-08-08 06:54:48,676 [Worker-34: Launching SpringCore-HelloWorld-Project (1)] INFO  o.eclipse.m2e.core.internal.Bundles - 	Entry: C:\Users\carlo\.p2\pool\plugins\org.eclipse.m2e.maven.runtime_3.9.900.20240824-1409\jars\maven-plugin-api-3.9.9.jar
2025-08-08 06:54:48,676 [Worker-34: Launching SpringCore-HelloWorld-Project (1)] INFO  o.eclipse.m2e.core.internal.Bundles - 	Entry: C:\Users\carlo\.p2\pool\plugins\org.eclipse.m2e.maven.runtime_3.9.900.20240824-1409\jars\maven-repository-metadata-3.9.9.jar
2025-08-08 06:54:48,676 [Worker-34: Launching SpringCore-HelloWorld-Project (1)] INFO  o.eclipse.m2e.core.internal.Bundles - 	Entry: C:\Users\carlo\.p2\pool\plugins\org.eclipse.m2e.maven.runtime_3.9.900.20240824-1409\jars\maven-resolver-api-1.9.22.jar
2025-08-08 06:54:48,677 [Worker-34: Launching SpringCore-HelloWorld-Project (1)] INFO  o.eclipse.m2e.core.internal.Bundles - 	Entry: C:\Users\carlo\.p2\pool\plugins\org.eclipse.m2e.maven.runtime_3.9.900.20240824-1409\jars\maven-resolver-connector-basic-1.9.22.jar
2025-08-08 06:54:48,677 [Worker-34: Launching SpringCore-HelloWorld-Project (1)] INFO  o.eclipse.m2e.core.internal.Bundles - 	Entry: C:\Users\carlo\.p2\pool\plugins\org.eclipse.m2e.maven.runtime_3.9.900.20240824-1409\jars\maven-resolver-impl-1.9.22.jar
2025-08-08 06:54:48,677 [Worker-34: Launching SpringCore-HelloWorld-Project (1)] INFO  o.eclipse.m2e.core.internal.Bundles - 	Entry: C:\Users\carlo\.p2\pool\plugins\org.eclipse.m2e.maven.runtime_3.9.900.20240824-1409\jars\maven-resolver-named-locks-1.9.22.jar
2025-08-08 06:54:48,677 [Worker-34: Launching SpringCore-HelloWorld-Project (1)] INFO  o.eclipse.m2e.core.internal.Bundles - 	Entry: C:\Users\carlo\.p2\pool\plugins\org.eclipse.m2e.maven.runtime_3.9.900.20240824-1409\jars\maven-resolver-provider-3.9.9.jar
2025-08-08 06:54:48,677 [Worker-34: Launching SpringCore-HelloWorld-Project (1)] INFO  o.eclipse.m2e.core.internal.Bundles - 	Entry: C:\Users\carlo\.p2\pool\plugins\org.eclipse.m2e.maven.runtime_3.9.900.20240824-1409\jars\maven-resolver-spi-1.9.22.jar
2025-08-08 06:54:48,677 [Worker-34: Launching SpringCore-HelloWorld-Project (1)] INFO  o.eclipse.m2e.core.internal.Bundles - 	Entry: C:\Users\carlo\.p2\pool\plugins\org.eclipse.m2e.maven.runtime_3.9.900.20240824-1409\jars\maven-resolver-transport-file-1.9.22.jar
2025-08-08 06:54:48,677 [Worker-34: Launching SpringCore-HelloWorld-Project (1)] INFO  o.eclipse.m2e.core.internal.Bundles - 	Entry: C:\Users\carlo\.p2\pool\plugins\org.eclipse.m2e.maven.runtime_3.9.900.20240824-1409\jars\maven-resolver-transport-http-1.9.22.jar
2025-08-08 06:54:48,677 [Worker-34: Launching SpringCore-HelloWorld-Project (1)] INFO  o.eclipse.m2e.core.internal.Bundles - 	Entry: C:\Users\carlo\.p2\pool\plugins\org.eclipse.m2e.maven.runtime_3.9.900.20240824-1409\jars\maven-resolver-transport-wagon-1.9.22.jar
2025-08-08 06:54:48,677 [Worker-34: Launching SpringCore-HelloWorld-Project (1)] INFO  o.eclipse.m2e.core.internal.Bundles - 	Entry: C:\Users\carlo\.p2\pool\plugins\org.eclipse.m2e.maven.runtime_3.9.900.20240824-1409\jars\maven-resolver-util-1.9.22.jar
2025-08-08 06:54:48,677 [Worker-34: Launching SpringCore-HelloWorld-Project (1)] INFO  o.eclipse.m2e.core.internal.Bundles - 	Entry: C:\Users\carlo\.p2\pool\plugins\org.eclipse.m2e.maven.runtime_3.9.900.20240824-1409\jars\maven-settings-3.9.9.jar
2025-08-08 06:54:48,677 [Worker-34: Launching SpringCore-HelloWorld-Project (1)] INFO  o.eclipse.m2e.core.internal.Bundles - 	Entry: C:\Users\carlo\.p2\pool\plugins\org.eclipse.m2e.maven.runtime_3.9.900.20240824-1409\jars\maven-settings-builder-3.9.9.jar
2025-08-08 06:54:48,677 [Worker-34: Launching SpringCore-HelloWorld-Project (1)] INFO  o.eclipse.m2e.core.internal.Bundles - 	Entry: C:\Users\carlo\.p2\pool\plugins\org.eclipse.m2e.maven.runtime_3.9.900.20240824-1409\jars\maven-shared-utils-3.4.2.jar
2025-08-08 06:54:48,678 [Worker-34: Launching SpringCore-HelloWorld-Project (1)] INFO  o.eclipse.m2e.core.internal.Bundles - 	Entry: C:\Users\carlo\.p2\pool\plugins\org.eclipse.m2e.maven.runtime_3.9.900.20240824-1409\jars\org.eclipse.sisu.inject-0.9.0.M3.jar
2025-08-08 06:54:48,678 [Worker-34: Launching SpringCore-HelloWorld-Project (1)] INFO  o.eclipse.m2e.core.internal.Bundles - 	Entry: C:\Users\carlo\.p2\pool\plugins\org.eclipse.m2e.maven.runtime_3.9.900.20240824-1409\jars\org.eclipse.sisu.plexus-0.9.0.M3.jar
2025-08-08 06:54:48,678 [Worker-34: Launching SpringCore-HelloWorld-Project (1)] INFO  o.eclipse.m2e.core.internal.Bundles - 	Entry: C:\Users\carlo\.p2\pool\plugins\org.eclipse.m2e.maven.runtime_3.9.900.20240824-1409\jars\plexus-build-api-0.0.7.jar
2025-08-08 06:54:48,678 [Worker-34: Launching SpringCore-HelloWorld-Project (1)] INFO  o.eclipse.m2e.core.internal.Bundles - 	Entry: C:\Users\carlo\.p2\pool\plugins\org.eclipse.m2e.maven.runtime_3.9.900.20240824-1409\jars\plexus-build-api-1.2.0.jar
2025-08-08 06:54:48,678 [Worker-34: Launching SpringCore-HelloWorld-Project (1)] INFO  o.eclipse.m2e.core.internal.Bundles - 	Entry: C:\Users\carlo\.p2\pool\plugins\org.eclipse.m2e.maven.runtime_3.9.900.20240824-1409\jars\plexus-cipher-2.0.jar
2025-08-08 06:54:48,678 [Worker-34: Launching SpringCore-HelloWorld-Project (1)] INFO  o.eclipse.m2e.core.internal.Bundles - 	Entry: C:\Users\carlo\.p2\pool\plugins\org.eclipse.m2e.maven.runtime_3.9.900.20240824-1409\jars\plexus-classworlds-2.8.0.jar
2025-08-08 06:54:48,678 [Worker-34: Launching SpringCore-HelloWorld-Project (1)] INFO  o.eclipse.m2e.core.internal.Bundles - 	Entry: C:\Users\carlo\.p2\pool\plugins\org.eclipse.m2e.maven.runtime_3.9.900.20240824-1409\jars\plexus-component-annotations-2.1.0.jar
2025-08-08 06:54:48,678 [Worker-34: Launching SpringCore-HelloWorld-Project (1)] INFO  o.eclipse.m2e.core.internal.Bundles - 	Entry: C:\Users\carlo\.p2\pool\plugins\org.eclipse.m2e.maven.runtime_3.9.900.20240824-1409\jars\plexus-interpolation-1.27.jar
2025-08-08 06:54:48,678 [Worker-34: Launching SpringCore-HelloWorld-Project (1)] INFO  o.eclipse.m2e.core.internal.Bundles - 	Entry: C:\Users\carlo\.p2\pool\plugins\org.eclipse.m2e.maven.runtime_3.9.900.20240824-1409\jars\plexus-sec-dispatcher-2.0.jar
2025-08-08 06:54:48,678 [Worker-34: Launching SpringCore-HelloWorld-Project (1)] INFO  o.eclipse.m2e.core.internal.Bundles - 	Entry: C:\Users\carlo\.p2\pool\plugins\org.eclipse.m2e.maven.runtime_3.9.900.20240824-1409\jars\plexus-utils-3.5.1.jar
2025-08-08 06:54:48,678 [Worker-34: Launching SpringCore-HelloWorld-Project (1)] INFO  o.eclipse.m2e.core.internal.Bundles - 	Entry: C:\Users\carlo\.p2\pool\plugins\org.eclipse.m2e.maven.runtime_3.9.900.20240824-1409\jars\plexus-xml-3.0.1.jar
2025-08-08 06:54:48,678 [Worker-34: Launching SpringCore-HelloWorld-Project (1)] INFO  o.eclipse.m2e.core.internal.Bundles - 	Entry: C:\Users\carlo\.p2\pool\plugins\org.eclipse.m2e.maven.runtime_3.9.900.20240824-1409\jars\wagon-file-3.5.3.jar
2025-08-08 06:54:48,678 [Worker-34: Launching SpringCore-HelloWorld-Project (1)] INFO  o.eclipse.m2e.core.internal.Bundles - 	Entry: C:\Users\carlo\.p2\pool\plugins\org.eclipse.m2e.maven.runtime_3.9.900.20240824-1409\jars\wagon-http-3.5.3.jar
2025-08-08 06:54:48,678 [Worker-34: Launching SpringCore-HelloWorld-Project (1)] INFO  o.eclipse.m2e.core.internal.Bundles - 	Entry: C:\Users\carlo\.p2\pool\plugins\org.eclipse.m2e.maven.runtime_3.9.900.20240824-1409\jars\wagon-http-shared-3.5.3.jar
2025-08-08 06:54:48,679 [Worker-34: Launching SpringCore-HelloWorld-Project (1)] INFO  o.eclipse.m2e.core.internal.Bundles - 	Entry: C:\Users\carlo\.p2\pool\plugins\org.eclipse.m2e.maven.runtime_3.9.900.20240824-1409\jars\wagon-provider-api-3.5.3.jar
2025-08-08 06:54:48,679 [Worker-34: Launching SpringCore-HelloWorld-Project (1)] INFO  o.eclipse.m2e.core.internal.Bundles - getClasspathEntries(Bundle=com.google.guava_33.3.1.jre [527])
2025-08-08 06:54:48,679 [Worker-34: Launching SpringCore-HelloWorld-Project (1)] INFO  o.eclipse.m2e.core.internal.Bundles - 	Entry: C:\Users\carlo\.p2\pool\plugins\com.google.guava_33.3.1.jre.jar
2025-08-08 06:54:48,679 [Worker-34: Launching SpringCore-HelloWorld-Project (1)] INFO  o.eclipse.m2e.core.internal.Bundles - getClasspathEntries(Bundle=slf4j.api_2.0.16 [519])
2025-08-08 06:54:48,679 [Worker-34: Launching SpringCore-HelloWorld-Project (1)] INFO  o.eclipse.m2e.core.internal.Bundles - 	Entry: C:\Users\carlo\.p2\pool\plugins\slf4j.api_2.0.16.jar
2025-08-08 06:54:48,679 [Worker-34: Launching SpringCore-HelloWorld-Project (1)] INFO  o.eclipse.m2e.core.internal.Bundles - getClasspathEntries(Bundle=jakarta.inject.jakarta.inject-api_1.0.5 [22])
2025-08-08 06:54:48,679 [Worker-34: Launching SpringCore-HelloWorld-Project (1)] INFO  o.eclipse.m2e.core.internal.Bundles - 	Entry: C:\Users\carlo\.p2\pool\plugins\jakarta.inject.jakarta.inject-api_1.0.5.jar
2025-08-08 06:54:48,680 [Worker-34: Launching SpringCore-HelloWorld-Project (1)] INFO  o.eclipse.m2e.core.internal.Bundles - getClasspathEntries(Bundle=jakarta.annotation-api_1.3.5 [20])
2025-08-08 06:54:48,680 [Worker-34: Launching SpringCore-HelloWorld-Project (1)] INFO  o.eclipse.m2e.core.internal.Bundles - 	Entry: C:\Users\carlo\.p2\pool\plugins\jakarta.annotation-api_1.3.5.jar
2025-08-08 06:54:48,680 [Worker-34: Launching SpringCore-HelloWorld-Project (1)] INFO  o.eclipse.m2e.core.internal.Bundles - getClasspathEntries(Bundle=org.apache.commons.cli_1.9.0 [47])
2025-08-08 06:54:48,680 [Worker-34: Launching SpringCore-HelloWorld-Project (1)] INFO  o.eclipse.m2e.core.internal.Bundles - 	Entry: C:\Users\carlo\.p2\pool\plugins\org.apache.commons.cli_1.9.0.jar
2025-08-08 06:54:48,680 [Worker-34: Launching SpringCore-HelloWorld-Project (1)] INFO  o.eclipse.m2e.core.internal.Bundles - getClasspathEntries(Bundle=org.apache.commons.commons-codec_1.16.0 [50])
2025-08-08 06:54:48,680 [Worker-34: Launching SpringCore-HelloWorld-Project (1)] INFO  o.eclipse.m2e.core.internal.Bundles - 	Entry: C:\Users\carlo\.p2\pool\plugins\org.apache.commons.commons-codec_1.16.0.jar
2025-08-08 06:54:48,680 [Worker-34: Launching SpringCore-HelloWorld-Project (1)] INFO  o.eclipse.m2e.core.internal.Bundles - getClasspathEntries(Bundle=com.google.guava.failureaccess_1.0.2 [11])
2025-08-08 06:54:48,680 [Worker-34: Launching SpringCore-HelloWorld-Project (1)] INFO  o.eclipse.m2e.core.internal.Bundles - 	Entry: C:\Users\carlo\.p2\pool\plugins\com.google.guava.failureaccess_1.0.2.jar
2025-08-08 06:54:48,682 [Worker-34: Launching SpringCore-HelloWorld-Project (1)] INFO  o.e.m.i.launch.MavenLaunchDelegate - Run build in "C:\Users\carlo\Documentos3\prog\work-eclipse\SpringCore-HelloWorld-Project":
2025-08-08 06:54:48,682 [Worker-34: Launching SpringCore-HelloWorld-Project (1)] INFO  o.e.m.i.launch.MavenLaunchDelegate -  mvn  -B -Dstyle.color=always clean install
2025-08-08 07:13:38,935 [Worker-1: Building] WARN  o.a.m.s.f.DefaultMavenResourcesFiltering - Using platform encoding (UTF-8 actually) to copy filtered resources, i.e. build is platform dependent!
2025-08-08 07:13:38,938 [Worker-1: Building] INFO  o.a.m.s.f.DefaultMavenResourcesFiltering - Copying 0 resource from src\main\resources to target\classes
2025-08-08 07:13:38,939 [Worker-1: Building] WARN  o.a.m.s.f.DefaultMavenResourcesFiltering - Using platform encoding (UTF-8 actually) to copy filtered resources, i.e. build is platform dependent!
2025-08-08 07:13:38,941 [Worker-1: Building] INFO  o.a.m.s.f.DefaultMavenResourcesFiltering - Copying 0 resource from src\test\resources to target\test-classes
2025-08-08 07:14:26,100 [Worker-38: Building] WARN  o.a.m.s.f.DefaultMavenResourcesFiltering - Using platform encoding (UTF-8 actually) to copy filtered resources, i.e. build is platform dependent!
2025-08-08 07:14:26,101 [Worker-38: Building] INFO  o.a.m.s.f.DefaultMavenResourcesFiltering - Copying 0 resource from src\main\resources to target\classes
2025-08-08 07:14:26,103 [Worker-38: Building] WARN  o.a.m.s.f.DefaultMavenResourcesFiltering - Using platform encoding (UTF-8 actually) to copy filtered resources, i.e. build is platform dependent!
2025-08-08 07:14:26,105 [Worker-38: Building] INFO  o.a.m.s.f.DefaultMavenResourcesFiltering - Copying 0 resource from src\test\resources to target\test-classes
2025-08-08 07:15:48,127 [Worker-24: Building] WARN  o.a.m.s.f.DefaultMavenResourcesFiltering - Using platform encoding (UTF-8 actually) to copy filtered resources, i.e. build is platform dependent!
2025-08-08 07:15:48,129 [Worker-24: Building] INFO  o.a.m.s.f.DefaultMavenResourcesFiltering - Copying 0 resource from src\main\resources to target\classes
2025-08-08 07:15:48,131 [Worker-24: Building] WARN  o.a.m.s.f.DefaultMavenResourcesFiltering - Using platform encoding (UTF-8 actually) to copy filtered resources, i.e. build is platform dependent!
2025-08-08 07:15:48,132 [Worker-24: Building] INFO  o.a.m.s.f.DefaultMavenResourcesFiltering - Copying 0 resource from src\test\resources to target\test-classes
2025-08-08 07:18:06,118 [Worker-1: Building] WARN  o.a.m.s.f.DefaultMavenResourcesFiltering - Using platform encoding (UTF-8 actually) to copy filtered resources, i.e. build is platform dependent!
2025-08-08 07:18:06,120 [Worker-1: Building] INFO  o.a.m.s.f.DefaultMavenResourcesFiltering - Copying 1 resource from src\main\resources to target\classes
2025-08-08 07:18:06,126 [Worker-1: Building] WARN  o.a.m.s.f.DefaultMavenResourcesFiltering - Using platform encoding (UTF-8 actually) to copy filtered resources, i.e. build is platform dependent!
2025-08-08 07:18:06,128 [Worker-1: Building] INFO  o.a.m.s.f.DefaultMavenResourcesFiltering - Copying 0 resource from src\test\resources to target\test-classes
2025-08-08 07:22:21,236 [Worker-39: Building] WARN  o.a.m.s.f.DefaultMavenResourcesFiltering - Using platform encoding (UTF-8 actually) to copy filtered resources, i.e. build is platform dependent!
2025-08-08 07:22:21,238 [Worker-39: Building] INFO  o.a.m.s.f.DefaultMavenResourcesFiltering - Copying 1 resource from src\main\resources to target\classes
2025-08-08 07:22:21,241 [Worker-39: Building] WARN  o.a.m.s.f.DefaultMavenResourcesFiltering - Using platform encoding (UTF-8 actually) to copy filtered resources, i.e. build is platform dependent!
2025-08-08 07:22:21,242 [Worker-39: Building] INFO  o.a.m.s.f.DefaultMavenResourcesFiltering - Copying 0 resource from src\test\resources to target\test-classes
2025-08-08 07:26:43,272 [Worker-24: Building] WARN  o.a.m.s.f.DefaultMavenResourcesFiltering - Using platform encoding (UTF-8 actually) to copy filtered resources, i.e. build is platform dependent!
2025-08-08 07:26:43,274 [Worker-24: Building] INFO  o.a.m.s.f.DefaultMavenResourcesFiltering - Copying 1 resource from src\main\resources to target\classes
2025-08-08 07:26:43,276 [Worker-24: Building] WARN  o.a.m.s.f.DefaultMavenResourcesFiltering - Using platform encoding (UTF-8 actually) to copy filtered resources, i.e. build is platform dependent!
2025-08-08 07:26:43,277 [Worker-24: Building] INFO  o.a.m.s.f.DefaultMavenResourcesFiltering - Copying 0 resource from src\test\resources to target\test-classes
2025-08-08 07:27:23,107 [Worker-40: Building] WARN  o.a.m.s.f.DefaultMavenResourcesFiltering - Using platform encoding (UTF-8 actually) to copy filtered resources, i.e. build is platform dependent!
2025-08-08 07:27:23,109 [Worker-40: Building] INFO  o.a.m.s.f.DefaultMavenResourcesFiltering - Copying 1 resource from src\main\resources to target\classes
2025-08-08 07:27:23,111 [Worker-40: Building] WARN  o.a.m.s.f.DefaultMavenResourcesFiltering - Using platform encoding (UTF-8 actually) to copy filtered resources, i.e. build is platform dependent!
2025-08-08 07:27:23,113 [Worker-40: Building] INFO  o.a.m.s.f.DefaultMavenResourcesFiltering - Copying 0 resource from src\test\resources to target\test-classes
2025-08-08 07:28:56,646 [Worker-24: Building] WARN  o.a.m.s.f.DefaultMavenResourcesFiltering - Using platform encoding (UTF-8 actually) to copy filtered resources, i.e. build is platform dependent!
2025-08-08 07:28:56,647 [Worker-24: Building] INFO  o.a.m.s.f.DefaultMavenResourcesFiltering - Copying 1 resource from src\main\resources to target\classes
2025-08-08 07:28:56,651 [Worker-24: Building] WARN  o.a.m.s.f.DefaultMavenResourcesFiltering - Using platform encoding (UTF-8 actually) to copy filtered resources, i.e. build is platform dependent!
2025-08-08 07:28:56,652 [Worker-24: Building] INFO  o.a.m.s.f.DefaultMavenResourcesFiltering - Copying 0 resource from src\test\resources to target\test-classes
2025-08-08 07:31:29,043 [Worker-39: Launching SpringMainApplication] WARN  o.a.m.s.f.DefaultMavenResourcesFiltering - Using platform encoding (UTF-8 actually) to copy filtered resources, i.e. build is platform dependent!
2025-08-08 07:31:29,045 [Worker-39: Launching SpringMainApplication] INFO  o.a.m.s.f.DefaultMavenResourcesFiltering - Copying 1 resource from src\main\resources to target\classes
2025-08-08 07:31:29,047 [Worker-39: Launching SpringMainApplication] WARN  o.a.m.s.f.DefaultMavenResourcesFiltering - Using platform encoding (UTF-8 actually) to copy filtered resources, i.e. build is platform dependent!
2025-08-08 07:31:29,050 [Worker-39: Launching SpringMainApplication] INFO  o.a.m.s.f.DefaultMavenResourcesFiltering - Copying 0 resource from src\test\resources to target\test-classes
2025-08-08 07:31:58,608 [Worker-39: Building] WARN  o.a.m.s.f.DefaultMavenResourcesFiltering - Using platform encoding (UTF-8 actually) to copy filtered resources, i.e. build is platform dependent!
2025-08-08 07:31:58,609 [Worker-39: Building] INFO  o.a.m.s.f.DefaultMavenResourcesFiltering - Copying 1 resource from src\main\resources to target\classes
2025-08-08 07:31:58,613 [Worker-39: Building] WARN  o.a.m.s.f.DefaultMavenResourcesFiltering - Using platform encoding (UTF-8 actually) to copy filtered resources, i.e. build is platform dependent!
2025-08-08 07:31:58,614 [Worker-39: Building] INFO  o.a.m.s.f.DefaultMavenResourcesFiltering - Copying 0 resource from src\test\resources to target\test-classes
2025-08-08 18:53:35,305 [Worker-6: Loading available Gradle versions] INFO  o.e.b.c.i.u.g.PublishedGradleVersions - Gradle version information cache is up-to-date. Trying to read.
2025-08-08 18:56:23,040 [Worker-0: Loading available Gradle versions] INFO  o.e.b.c.i.u.g.PublishedGradleVersions - Gradle version information cache is up-to-date. Trying to read.
2025-08-08 19:03:01,903 [Worker-20: Building] INFO  o.e.m.c.i.l.LifecycleMappingFactory - Using org.eclipse.m2e.jdt.JarLifecycleMapping lifecycle mapping for MavenProject: com.example:SpringCore-HelloWorld-Project:0.0.1-SNAPSHOT @ C:\Users\carlo\Documentos3\prog\work-eclipse\SpringCore-Bean-Inheritance-Project\pom.xml.
2025-08-08 19:03:03,227 [Worker-20: Building] WARN  o.a.m.s.f.DefaultMavenResourcesFiltering - Using platform encoding (UTF-8 actually) to copy filtered resources, i.e. build is platform dependent!
2025-08-08 19:03:03,231 [Worker-20: Building] INFO  o.a.m.s.f.DefaultMavenResourcesFiltering - Copying 1 resource from src\main\resources to target\classes
2025-08-08 19:03:03,240 [Worker-20: Building] WARN  o.a.m.s.f.DefaultMavenResourcesFiltering - Using platform encoding (UTF-8 actually) to copy filtered resources, i.e. build is platform dependent!
2025-08-08 19:03:03,242 [Worker-20: Building] INFO  o.a.m.s.f.DefaultMavenResourcesFiltering - Copying 0 resource from src\test\resources to target\test-classes
2025-08-08 19:03:04,325 [Worker-10: Building] WARN  o.a.m.s.f.DefaultMavenResourcesFiltering - Using platform encoding (UTF-8 actually) to copy filtered resources, i.e. build is platform dependent!
2025-08-08 19:03:04,327 [Worker-10: Building] INFO  o.a.m.s.f.DefaultMavenResourcesFiltering - Copying 1 resource from src\main\resources to target\classes
2025-08-08 19:03:04,331 [Worker-10: Building] WARN  o.a.m.s.f.DefaultMavenResourcesFiltering - Using platform encoding (UTF-8 actually) to copy filtered resources, i.e. build is platform dependent!
2025-08-08 19:03:04,332 [Worker-10: Building] INFO  o.a.m.s.f.DefaultMavenResourcesFiltering - Copying 0 resource from src\test\resources to target\test-classes
2025-08-08 19:03:47,420 [Worker-9: Building] WARN  o.a.m.s.f.DefaultMavenResourcesFiltering - Using platform encoding (UTF-8 actually) to copy filtered resources, i.e. build is platform dependent!
2025-08-08 19:03:47,422 [Worker-9: Building] INFO  o.a.m.s.f.DefaultMavenResourcesFiltering - Copying 1 resource from src\main\resources to target\classes
2025-08-08 19:03:47,424 [Worker-9: Building] WARN  o.a.m.s.f.DefaultMavenResourcesFiltering - Using platform encoding (UTF-8 actually) to copy filtered resources, i.e. build is platform dependent!
2025-08-08 19:03:47,426 [Worker-9: Building] INFO  o.a.m.s.f.DefaultMavenResourcesFiltering - Copying 0 resource from src\test\resources to target\test-classes
2025-08-08 19:04:09,179 [Worker-10: Building] WARN  o.a.m.s.f.DefaultMavenResourcesFiltering - Using platform encoding (UTF-8 actually) to copy filtered resources, i.e. build is platform dependent!
2025-08-08 19:04:09,181 [Worker-10: Building] INFO  o.a.m.s.f.DefaultMavenResourcesFiltering - Copying 1 resource from src\main\resources to target\classes
2025-08-08 19:04:09,184 [Worker-10: Building] WARN  o.a.m.s.f.DefaultMavenResourcesFiltering - Using platform encoding (UTF-8 actually) to copy filtered resources, i.e. build is platform dependent!
2025-08-08 19:04:09,186 [Worker-10: Building] INFO  o.a.m.s.f.DefaultMavenResourcesFiltering - Copying 0 resource from src\test\resources to target\test-classes
2025-08-08 19:14:57,875 [Worker-10: Building] WARN  o.a.m.s.f.DefaultMavenResourcesFiltering - Using platform encoding (UTF-8 actually) to copy filtered resources, i.e. build is platform dependent!
2025-08-08 19:14:57,877 [Worker-10: Building] INFO  o.a.m.s.f.DefaultMavenResourcesFiltering - Copying 1 resource from src\main\resources to target\classes
2025-08-08 19:14:57,888 [Worker-10: Building] WARN  o.a.m.s.f.DefaultMavenResourcesFiltering - Using platform encoding (UTF-8 actually) to copy filtered resources, i.e. build is platform dependent!
2025-08-08 19:14:57,890 [Worker-10: Building] INFO  o.a.m.s.f.DefaultMavenResourcesFiltering - Copying 0 resource from src\test\resources to target\test-classes
2025-08-08 19:15:00,386 [Worker-31: Building] WARN  o.a.m.s.f.DefaultMavenResourcesFiltering - Using platform encoding (UTF-8 actually) to copy filtered resources, i.e. build is platform dependent!
2025-08-08 19:15:00,388 [Worker-31: Building] INFO  o.a.m.s.f.DefaultMavenResourcesFiltering - Copying 1 resource from src\main\resources to target\classes
2025-08-08 19:15:00,390 [Worker-31: Building] WARN  o.a.m.s.f.DefaultMavenResourcesFiltering - Using platform encoding (UTF-8 actually) to copy filtered resources, i.e. build is platform dependent!
2025-08-08 19:15:00,392 [Worker-31: Building] INFO  o.a.m.s.f.DefaultMavenResourcesFiltering - Copying 0 resource from src\test\resources to target\test-classes
2025-08-08 19:17:10,477 [Worker-10: Building] WARN  o.a.m.s.f.DefaultMavenResourcesFiltering - Using platform encoding (UTF-8 actually) to copy filtered resources, i.e. build is platform dependent!
2025-08-08 19:17:10,478 [Worker-10: Building] INFO  o.a.m.s.f.DefaultMavenResourcesFiltering - Copying 1 resource from src\main\resources to target\classes
2025-08-08 19:17:10,480 [Worker-10: Building] WARN  o.a.m.s.f.DefaultMavenResourcesFiltering - Using platform encoding (UTF-8 actually) to copy filtered resources, i.e. build is platform dependent!
2025-08-08 19:17:10,481 [Worker-10: Building] INFO  o.a.m.s.f.DefaultMavenResourcesFiltering - Copying 0 resource from src\test\resources to target\test-classes
2025-08-08 19:18:27,999 [Worker-32: Launching SpringMainApplication (1)] WARN  o.a.m.s.f.DefaultMavenResourcesFiltering - Using platform encoding (UTF-8 actually) to copy filtered resources, i.e. build is platform dependent!
2025-08-08 19:18:28,000 [Worker-32: Launching SpringMainApplication (1)] INFO  o.a.m.s.f.DefaultMavenResourcesFiltering - Copying 1 resource from src\main\resources to target\classes
2025-08-08 19:18:28,003 [Worker-32: Launching SpringMainApplication (1)] WARN  o.a.m.s.f.DefaultMavenResourcesFiltering - Using platform encoding (UTF-8 actually) to copy filtered resources, i.e. build is platform dependent!
2025-08-08 19:18:28,005 [Worker-32: Launching SpringMainApplication (1)] INFO  o.a.m.s.f.DefaultMavenResourcesFiltering - Copying 0 resource from src\test\resources to target\test-classes
2025-08-09 08:28:46,647 [Worker-4: Loading available Gradle versions] INFO  o.e.b.c.i.u.g.PublishedGradleVersions - Gradle version information cache is out-of-date. Trying to update.
2025-08-09 08:29:54,067 [Worker-23: Building] WARN  o.a.m.s.f.DefaultMavenResourcesFiltering - Using platform encoding (UTF-8 actually) to copy filtered resources, i.e. build is platform dependent!
2025-08-09 08:29:54,072 [Worker-23: Building] INFO  o.a.m.s.f.DefaultMavenResourcesFiltering - Copying 1 resource from src\main\resources to target\classes
2025-08-09 08:29:54,077 [Worker-23: Building] WARN  o.a.m.s.f.DefaultMavenResourcesFiltering - Using platform encoding (UTF-8 actually) to copy filtered resources, i.e. build is platform dependent!
2025-08-09 08:29:54,079 [Worker-23: Building] INFO  o.a.m.s.f.DefaultMavenResourcesFiltering - Copying 0 resource from src\test\resources to target\test-classes
2025-08-09 08:32:55,190 [Worker-28: Building] WARN  o.a.m.s.f.DefaultMavenResourcesFiltering - Using platform encoding (UTF-8 actually) to copy filtered resources, i.e. build is platform dependent!
2025-08-09 08:32:55,193 [Worker-28: Building] INFO  o.a.m.s.f.DefaultMavenResourcesFiltering - Copying 1 resource from src\main\resources to target\classes
2025-08-09 08:32:55,196 [Worker-28: Building] WARN  o.a.m.s.f.DefaultMavenResourcesFiltering - Using platform encoding (UTF-8 actually) to copy filtered resources, i.e. build is platform dependent!
2025-08-09 08:32:55,197 [Worker-28: Building] INFO  o.a.m.s.f.DefaultMavenResourcesFiltering - Copying 0 resource from src\test\resources to target\test-classes
2025-08-09 08:33:09,127 [Worker-25: Building] WARN  o.a.m.s.f.DefaultMavenResourcesFiltering - Using platform encoding (UTF-8 actually) to copy filtered resources, i.e. build is platform dependent!
2025-08-09 08:33:09,129 [Worker-25: Building] INFO  o.a.m.s.f.DefaultMavenResourcesFiltering - Copying 1 resource from src\main\resources to target\classes
2025-08-09 08:33:09,131 [Worker-25: Building] WARN  o.a.m.s.f.DefaultMavenResourcesFiltering - Using platform encoding (UTF-8 actually) to copy filtered resources, i.e. build is platform dependent!
2025-08-09 08:33:09,133 [Worker-25: Building] INFO  o.a.m.s.f.DefaultMavenResourcesFiltering - Copying 0 resource from src\test\resources to target\test-classes
2025-08-09 08:33:19,727 [Worker-23: Building] WARN  o.a.m.s.f.DefaultMavenResourcesFiltering - Using platform encoding (UTF-8 actually) to copy filtered resources, i.e. build is platform dependent!
2025-08-09 08:33:19,728 [Worker-23: Building] INFO  o.a.m.s.f.DefaultMavenResourcesFiltering - Copying 1 resource from src\main\resources to target\classes
2025-08-09 08:33:19,730 [Worker-23: Building] WARN  o.a.m.s.f.DefaultMavenResourcesFiltering - Using platform encoding (UTF-8 actually) to copy filtered resources, i.e. build is platform dependent!
2025-08-09 08:33:19,733 [Worker-23: Building] INFO  o.a.m.s.f.DefaultMavenResourcesFiltering - Copying 0 resource from src\test\resources to target\test-classes
2025-08-09 08:33:54,540 [Worker-20: Building] WARN  o.a.m.s.f.DefaultMavenResourcesFiltering - Using platform encoding (UTF-8 actually) to copy filtered resources, i.e. build is platform dependent!
2025-08-09 08:33:54,542 [Worker-20: Building] INFO  o.a.m.s.f.DefaultMavenResourcesFiltering - Copying 1 resource from src\main\resources to target\classes
2025-08-09 08:33:54,543 [Worker-20: Building] WARN  o.a.m.s.f.DefaultMavenResourcesFiltering - Using platform encoding (UTF-8 actually) to copy filtered resources, i.e. build is platform dependent!
2025-08-09 08:33:54,546 [Worker-20: Building] INFO  o.a.m.s.f.DefaultMavenResourcesFiltering - Copying 0 resource from src\test\resources to target\test-classes
2025-08-09 08:40:03,700 [Worker-27: Building] WARN  o.a.m.s.f.DefaultMavenResourcesFiltering - Using platform encoding (UTF-8 actually) to copy filtered resources, i.e. build is platform dependent!
2025-08-09 08:40:03,702 [Worker-27: Building] INFO  o.a.m.s.f.DefaultMavenResourcesFiltering - Copying 1 resource from src\main\resources to target\classes
2025-08-09 08:40:03,704 [Worker-27: Building] WARN  o.a.m.s.f.DefaultMavenResourcesFiltering - Using platform encoding (UTF-8 actually) to copy filtered resources, i.e. build is platform dependent!
2025-08-09 08:40:03,706 [Worker-27: Building] INFO  o.a.m.s.f.DefaultMavenResourcesFiltering - Copying 0 resource from src\test\resources to target\test-classes
2025-08-09 08:40:05,536 [Worker-10: Building] WARN  o.a.m.s.f.DefaultMavenResourcesFiltering - Using platform encoding (UTF-8 actually) to copy filtered resources, i.e. build is platform dependent!
2025-08-09 08:40:05,538 [Worker-10: Building] INFO  o.a.m.s.f.DefaultMavenResourcesFiltering - Copying 1 resource from src\main\resources to target\classes
2025-08-09 08:40:05,540 [Worker-10: Building] WARN  o.a.m.s.f.DefaultMavenResourcesFiltering - Using platform encoding (UTF-8 actually) to copy filtered resources, i.e. build is platform dependent!
2025-08-09 08:40:05,542 [Worker-10: Building] INFO  o.a.m.s.f.DefaultMavenResourcesFiltering - Copying 0 resource from src\test\resources to target\test-classes
2025-08-09 08:48:37,370 [Worker-23: Building] WARN  o.a.m.s.f.DefaultMavenResourcesFiltering - Using platform encoding (UTF-8 actually) to copy filtered resources, i.e. build is platform dependent!
2025-08-09 08:48:37,373 [Worker-23: Building] INFO  o.a.m.s.f.DefaultMavenResourcesFiltering - Copying 1 resource from src\main\resources to target\classes
2025-08-09 08:48:37,378 [Worker-23: Building] WARN  o.a.m.s.f.DefaultMavenResourcesFiltering - Using platform encoding (UTF-8 actually) to copy filtered resources, i.e. build is platform dependent!
2025-08-09 08:48:37,380 [Worker-23: Building] INFO  o.a.m.s.f.DefaultMavenResourcesFiltering - Copying 0 resource from src\test\resources to target\test-classes
2025-08-09 08:52:55,388 [Worker-8: Building] WARN  o.a.m.s.f.DefaultMavenResourcesFiltering - Using platform encoding (UTF-8 actually) to copy filtered resources, i.e. build is platform dependent!
2025-08-09 08:52:55,389 [Worker-8: Building] INFO  o.a.m.s.f.DefaultMavenResourcesFiltering - Copying 1 resource from src\main\resources to target\classes
2025-08-09 08:52:55,391 [Worker-8: Building] WARN  o.a.m.s.f.DefaultMavenResourcesFiltering - Using platform encoding (UTF-8 actually) to copy filtered resources, i.e. build is platform dependent!
2025-08-09 08:52:55,393 [Worker-8: Building] INFO  o.a.m.s.f.DefaultMavenResourcesFiltering - Copying 0 resource from src\test\resources to target\test-classes
